src/data/quizQuestions.ts(408,14): error TS2322: Type '(QuizQuestion | QuizQuestion)[]' is not assignable to type 'QuizQuestion[]'.
  Type 'QuizQuestion | QuizQuestion' is not assignable to type 'QuizQuestion'.
    Type 'QuizQuestion' is missing the following properties from type 'QuizQuestion': category, question, relatedLesson, tags
